{
    "filter vep output by MAF 0.001 - tab ": {
        "content": [
            {
                "0": [
                    [
                        {
                            "id": "test"
                        },
                        "test.maf.filtered.tab:md5,0815261b2733582ff24ed54924e5c98d"
                    ]
                ],
                "maf_filtered_tab": [
                    [
                        {
                            "id": "test"
                        },
                        "test.maf.filtered.tab:md5,0815261b2733582ff24ed54924e5c98d"
                    ]
                ]
            }
        ],
        "meta": {
            "nf-test": "0.9.2",
            "nextflow": "24.04.4"
        },
        "timestamp": "2025-07-09T14:34:47.466947476"
    },
    "filter vep output by MAF 1 - tab ": {
        "content": [
            {
                "0": [
                    [
                        {
                            "id": "test"
                        },
                        "test.maf.filtered.tab:md5,70c6f663d9c3d00e6d7d87042c6803c9"
                    ]
                ],
                "maf_filtered_tab": [
                    [
                        {
                            "id": "test"
                        },
                        "test.maf.filtered.tab:md5,70c6f663d9c3d00e6d7d87042c6803c9"
                    ]
                ]
            }
        ],
        "meta": {
            "nf-test": "0.9.2",
            "nextflow": "24.04.4"
        },
        "timestamp": "2025-07-09T14:34:36.051925162"
    }
}