{
    "format2info - vcf": {
        "content": [
            {
                "0": [
                    [
                        {
                            "id": "test",
                            "single_end": false
                        },
                        "test.vcf_to_annotate.vcf.gz:md5,e8a8ebc0fa2506cb53a121ed2c2d970b"
                    ]
                ],
                "1": [
                    [
                        {
                            "id": "test",
                            "single_end": false
                        },
                        "test.fields.txt:md5,261a415884e458e0ef37c68a3cdf426e"
                    ]
                ],
                "2": [
                    "versions.yml:md5,228c36eb4b6c94cbbac8f502502faf05"
                ],
                "fields": [
                    [
                        {
                            "id": "test",
                            "single_end": false
                        },
                        "test.fields.txt:md5,261a415884e458e0ef37c68a3cdf426e"
                    ]
                ],
                "vcf_to_annotate": [
                    [
                        {
                            "id": "test",
                            "single_end": false
                        },
                        "test.vcf_to_annotate.vcf.gz:md5,e8a8ebc0fa2506cb53a121ed2c2d970b"
                    ]
                ],
                "versions": [
                    "versions.yml:md5,228c36eb4b6c94cbbac8f502502faf05"
                ]
            }
        ],
        "meta": {
            "nf-test": "0.9.2",
            "nextflow": "24.04.4"
        },
        "timestamp": "2025-06-24T13:41:09.718560855"
    }
}