{
    "homo_sapiens - [vcf, tbi, [], ped]": {
        "content": [
            {
                "0": [
                    [
                        {
                            "id": "test"
                        },
                        "test.vcf.gz:md5,2bfb7d98c9030213408ca46ac69f822f"
                    ]
                ],
                "1": [
                    [
                        {
                            "id": "test"
                        },
                        "test.vcf.gz.tbi:md5,5ea611aacd8d5eb2971ae98259e3690a"
                    ]
                ],
                "2": [
                    "versions.yml:md5,8b428765690c05516290de723f660472"
                ],
                "tbi": [
                    [
                        {
                            "id": "test"
                        },
                        "test.vcf.gz.tbi:md5,5ea611aacd8d5eb2971ae98259e3690a"
                    ]
                ],
                "vcf": [
                    [
                        {
                            "id": "test"
                        },
                        "test.vcf.gz:md5,2bfb7d98c9030213408ca46ac69f822f"
                    ]
                ],
                "versions": [
                    "versions.yml:md5,8b428765690c05516290de723f660472"
                ]
            }
        ],
        "meta": {
            "nf-test": "0.9.2",
            "nextflow": "25.04.6"
        },
        "timestamp": "2025-07-17T10:15:07.043393553"
    }
}