{
    "homo_sapiens - [vcf, tbi, [], ped]": {
        "content": [
            {
                "0": [
                    [
                        {
                            "id": "test"
                        },
                        "test.vcf.gz:md5,530efd88288a1298f0f631138a751936"
                    ]
                ],
                "1": [
                    [
                        {
                            "id": "test"
                        },
                        "test.vcf.gz.tbi:md5,7c003fb45a18513776cc0d9660d7578c"
                    ]
                ],
                "2": [
                    "versions.yml:md5,8b428765690c05516290de723f660472"
                ],
                "tbi": [
                    [
                        {
                            "id": "test"
                        },
                        "test.vcf.gz.tbi:md5,7c003fb45a18513776cc0d9660d7578c"
                    ]
                ],
                "vcf": [
                    [
                        {
                            "id": "test"
                        },
                        "test.vcf.gz:md5,530efd88288a1298f0f631138a751936"
                    ]
                ],
                "versions": [
                    "versions.yml:md5,8b428765690c05516290de723f660472"
                ]
            }
        ],
        "meta": {
            "nf-test": "0.9.2",
            "nextflow": "25.04.6"
        },
        "timestamp": "2025-08-11T15:14:19.914306739"
    }
}