{
    "vcf_merge_variantcallers - vcf ": {
        "content": [
            {
                "0": [
                    [
                        {
                            "id": "test_sample"
                        },
                        "test_sample.hg38.final.vcf.gz:md5,d65251375f8c7ce2f4fa7ac8019975f7",
                        "test_sample.hg38.final.vcf.gz.tbi:md5,fb90593543dc307fe9363e6e859ab6f2"
                    ]
                ],
                "1": [
                    
                ],
                "vcf": [
                    [
                        {
                            "id": "test_sample"
                        },
                        "test_sample.hg38.final.vcf.gz:md5,d65251375f8c7ce2f4fa7ac8019975f7",
                        "test_sample.hg38.final.vcf.gz.tbi:md5,fb90593543dc307fe9363e6e859ab6f2"
                    ]
                ],
                "versions": [
                    
                ]
            }
        ],
        "meta": {
            "nf-test": "0.9.2",
            "nextflow": "24.04.4"
        },
        "timestamp": "2025-05-05T08:24:24.467654855"
    }
}