{
    "dragen_vcf - bam": {
        "content": [
            {
                "0": [
                    [
                        {
                            "id": "test_sample"
                        },
                        "test_sample.biallelic.dragen.vcf.gz:md5,809e08e3cbd85bb73b4b6c09ecbfb2c6",
                        "test_sample.biallelic.dragen.vcf.gz.tbi:md5,688fa86277a1648520796452afb012c6"
                    ]
                ],
                "1": [
                    "versions.yml:md5,247abad81fc8bbdf3fae35db9746c49a",
                    "versions.yml:md5,620b7c3ab27a24487d87bb2e43e2248c",
                    "versions.yml:md5,7bbe20b5c60717428b83ce9fa9fe0274",
                    "versions.yml:md5,c62851f2cfad90ed92c37d82cd788431"
                ],
                "vcf": [
                    [
                        {
                            "id": "test_sample"
                        },
                        "test_sample.biallelic.dragen.vcf.gz:md5,809e08e3cbd85bb73b4b6c09ecbfb2c6",
                        "test_sample.biallelic.dragen.vcf.gz.tbi:md5,688fa86277a1648520796452afb012c6"
                    ]
                ],
                "versions": [
                    "versions.yml:md5,247abad81fc8bbdf3fae35db9746c49a",
                    "versions.yml:md5,620b7c3ab27a24487d87bb2e43e2248c",
                    "versions.yml:md5,7bbe20b5c60717428b83ce9fa9fe0274",
                    "versions.yml:md5,c62851f2cfad90ed92c37d82cd788431"
                ]
            }
        ],
        "meta": {
            "nf-test": "0.9.2",
            "nextflow": "24.04.4"
        },
        "timestamp": "2025-05-05T08:31:07.888339101"
    }
}