{
    "create_sample_info - vcf ": {
        "content": [
            {
                "0": [
                    [
                        {
                            "id": "test_sample"
                        },
                        "test_sample.hg38.final.vcf.gz:md5,22c58597fb8ae1f4804f112d5a3d0d6a"
                    ]
                ],
                "1": [
                    "versions.yml:md5,32a539049f8213df55ad25aff842740a"
                ],
                "final_vcf": [
                    [
                        {
                            "id": "test_sample"
                        },
                        "test_sample.hg38.final.vcf.gz:md5,22c58597fb8ae1f4804f112d5a3d0d6a"
                    ]
                ],
                "versions": [
                    "versions.yml:md5,32a539049f8213df55ad25aff842740a"
                ]
            }
        ],
        "meta": {
            "nf-test": "0.9.2",
            "nextflow": "24.04.4"
        },
        "timestamp": "2025-05-05T10:42:39.713519934"
    }
}