{
    "splitmultiallelic - vcf": {
        "content": [
            {
                "0": [
                    [
                        {
                            "id": "test_sample"
                        },
                        "test_sample.biallelic.gatk.vcf.gz:md5,01e9b8d3417e25d284da9d3d9aac4d40",
                        "test_sample.biallelic.gatk.vcf.gz.tbi:md5,5a54d4b522943df5bc06734a0b67d6fd"
                    ]
                ],
                "1": [
                    "versions.yml:md5,9fdfc65b78f7ac5e2d0ed7cd0209357a"
                ],
                "biallelic_renamed_vcf": [
                    [
                        {
                            "id": "test_sample"
                        },
                        "test_sample.biallelic.gatk.vcf.gz:md5,01e9b8d3417e25d284da9d3d9aac4d40",
                        "test_sample.biallelic.gatk.vcf.gz.tbi:md5,5a54d4b522943df5bc06734a0b67d6fd"
                    ]
                ],
                "versions": [
                    "versions.yml:md5,9fdfc65b78f7ac5e2d0ed7cd0209357a"
                ]
            }
        ],
        "meta": {
            "nf-test": "0.9.2",
            "nextflow": "24.04.4"
        },
        "timestamp": "2025-05-07T08:11:31.861527024"
    }
}