{
    "automap - vcf": {
        "content": [
            {
                "0": [
                    [
                        {
                            "id": "test",
                            "single_end": false
                        },
                        [
                            "10-1918.HomRegions.pdf:md5,496a5ec63c9526decdaaede2b79fa7ac",
                            "10-1918.HomRegions.tsv:md5,48928f23c6ff528a7ef5cf9ea9d3c7ae"
                        ]
                    ]
                ],
                "1": [
                    "versions.yml:md5,db647745175c1b36911a7e1290d82a74"
                ],
                "roh_automap": [
                    [
                        {
                            "id": "test",
                            "single_end": false
                        },
                        [
                            "10-1918.HomRegions.pdf:md5,496a5ec63c9526decdaaede2b79fa7ac",
                            "10-1918.HomRegions.tsv:md5,48928f23c6ff528a7ef5cf9ea9d3c7ae"
                        ]
                    ]
                ],
                "versions": [
                    "versions.yml:md5,db647745175c1b36911a7e1290d82a74"
                ]
            }
        ],
        "meta": {
            "nf-test": "0.9.2",
            "nextflow": "24.04.4"
        },
        "timestamp": "2025-05-23T14:20:50.158969432"
    }
}